Microchip MPLAB XC8 Compiler V2.46

Linker command line:

-W-3 \
  --edf=C:\Program Files\Microchip\xc8\v2.46\pic\dat\20240104201356_en.msgs \
  -cn -h+dist/default/production\FR743_B101L_TXV01.X.production.sym \
  --cmf=dist/default/production\FR743_B101L_TXV01.X.production.cmf -z \
  -Q16F1936 -oC:\Users\t00904\AppData\Local\Temp\xcAs88s.\driver_tmp_3.o \
  --defsym=__MPLAB_BUILD=1 --fixupoverflow=error \
  -Mdist/default/production/FR743_B101L_TXV01.X.production.map \
  --md=C:\Users\t00904\AppData\Local\Temp\xcAs88s.\driver_tmp_0.dat -E1 \
  -ver=XC8 Compiler --acfsm=1493 -ACODE=00h-07FFhx4 -ASTRCODE=00h-01FFFh \
  -ASTRING=00h-0FFhx32 -ACONST=00h-0FFhx32 -AENTRY=00h-0FFhx32 \
  -ACOMMON=070h-07Fh -ABANK0=020h-06Fh -ABANK1=0A0h-0EFh \
  -ABANK2=0120h-016Fh -ABANK3=01A0h-01EFh -ABANK4=0220h-026Fh \
  -ABANK5=02A0h-02EFh -ABANK6=0320h-032Fh -ABIGRAM=02000h-021EFh \
  -ARAM=020h-06Fh,0A0h-0EFh,0120h-016Fh,01A0h-01EFh,0220h-026Fh,02A0h-02EFh,0320h-032Fh \
  -AABS1=020h-07Fh,0A0h-0EFh,0120h-016Fh,01A0h-01EFh,0220h-026Fh,02A0h-02EFh,0320h-032Fh \
  -ASFR0=00h-01Fh -ASFR1=080h-09Fh -ASFR2=0100h-011Fh -ASFR3=0180h-019Fh \
  -ASFR4=0200h-021Fh -ASFR5=0280h-029Fh -ASFR6=0300h-031Fh \
  -ASFR7=0380h-03EFh -ASFR8=0400h-046Fh -ASFR9=0480h-04EFh \
  -ASFR10=0500h-056Fh -ASFR11=0580h-05EFh -ASFR12=0600h-066Fh \
  -ASFR13=0680h-06EFh -ASFR14=0700h-076Fh -ASFR15=0780h-07EFh \
  -ASFR16=0800h-086Fh -ASFR17=0880h-08EFh -ASFR18=0900h-096Fh \
  -ASFR19=0980h-09EFh -ASFR20=0A00h-0A6Fh -ASFR21=0A80h-0AEFh \
  -ASFR22=0B00h-0B6Fh -ASFR23=0B80h-0BEFh -ASFR24=0C00h-0C6Fh \
  -ASFR25=0C80h-0CEFh -ASFR26=0D00h-0D6Fh -ASFR27=0D80h-0DEFh \
  -ASFR28=0E00h-0E6Fh -ASFR29=0E80h-0EEFh -ASFR30=0F00h-0F6Fh \
  -ASFR31=0F80h-0FEFh -ACONFIG=08007h-08008h -DCONFIG=2 \
  -AIDLOC=08000h-08003h -DIDLOC=2 -AEEDATA=00h-0FFh/0F000h \
  -peeprom_data=EEDATA -DEEDATA=2 -DCODE=2 -DSTRCODE=2 -DSTRING=2 -DCONST=2 \
  -DENTRY=2 -preset_vec=00h,intentry=04h,sivt,init,end_init -ppowerup=CODE \
  -pcinit=CODE -pfunctab=ENTRY -k \
  C:\Users\t00904\AppData\Local\Temp\xcAs88s.\driver_tmp_15.o \
  dist/default/production\FR743_B101L_TXV01.X.production.o 

Object code version is 3.11

Machine type is 16F1936



                Name                               Link     Load   Length Selector   Space Scale
C:\Users\t00904\AppData\Local\Temp\xcAs88s.\driver_tmp_15.o
                end_init                             38       38        2        8       0
                reset_vec                             0        0        2        0       0
                config                             8007     8007        2        0       4
dist/default/production\FR743_B101L_TXV01.X.production.o
                cinit                                3A       3A       18        8       0
                intentry                              4        4       34        8       0
                config                             8007     8007        2        0       4
                text51                              5CE      5CE       19        8       0
                text50                              6CC      6CC        4      CFE       0
                text49                              6D5      6D5        1      CFE       0
                text48                              6C8      6C8        4      CFE       0
                text47                              353      353       3A        8       0
                text46                              51E      51E       22        8       0
                text45                              196      196       86        8       0
                text44                              429      429       33        8       0
                text43                              4F9      4F9       25        8       0
                text42                              5B4      5B4       1A        8       0
                text41                               52       52       BA        8       0
                text40                              560      560       1F        8       0
                text39                              21C      21C       7B        8       0
                text38                              6C4      6C4        4      CFE       0
                text37                              6D4      6D4        1      CFE       0
                text36                              4AC      4AC       27        8       0
                text35                              624      624       10        8       0
                text33                              670      670        9        8       0
                text32                              6B3      6B3        5      CFE       0
                text31                              6AE      6AE        5      CFE       0
                text30                              485      485       27        8       0
                text29                              3F5      3F5       34        8       0
                text28                              3C1      3C1       34        8       0
                text27                              45C      45C       29        8       0
                text26                              6D0      6D0        3      CFE       0
                text25                              38D      38D       34        8       0
                text24                              6A9      6A9        5      CFE       0
                text23                              642      642        D        8       0
                text22                              4D3      4D3       26        8       0
                text21                              57F      57F       1B        8       0
                text20                              540      540       20        8       0
                text19                              65B      65B        C        8       0
                text18                              297      297       79        8       0
                text17                              6A3      6A3        6      CFE       0
                text16                              69D      69D        6      CFE       0
                text15                              697      697        6      CFE       0
                text14                              691      691        6      CFE       0
                text13                              68B      68B        6      CFE       0
                text12                              310      310       43        8       0
                text11                              685      685        6      CFE       0
                text10                              667      667        9        8       0
                text9                               6C0      6C0        4      CFE       0
                text8                               6BC      6BC        4      CFE       0
                text7                               5E7      5E7       16        8       0
                text6                               634      634        E        8       0
                text5                               64F      64F        C        8       0
                text4                               59A      59A       1A        8       0
                text3                               5FD      5FD       14        8       0
                text2                               6B8      6B8        4      CFE       0
                text1                               611      611       13        8       0
                maintext                            10C      10C       8A        8       0
                cstackBANK0                          4A       4A       1C       20       1
                cstackCOMMON                         70       70        E       70       1
                cstackBANK1                          CF       CF        3       A0       1
                clrtext                             67F      67F        6      CFE       0
                bssBANK1                             A0       A0       2F       A0       1
                dataBANK0                            66       66        1       20       1
                bssBANK0                             20       20       2A       20       1
                stringtext1                         679      679        6      CF2       0
                idataBANK0                          6D3      6D3        1      CFE       0

TOTAL           Name                               Link     Load   Length     Space
        CLASS   CODE           
                end_init                             38       38        2         0
                cinit                                3A       3A       18         0
                intentry                              4        4       34         0
                reset_vec                             0        0        2         0
                text51                              5CE      5CE       19         0
                text50                              6CC      6CC        4         0
                text49                              6D5      6D5        1         0
                text48                              6C8      6C8        4         0
                text47                              353      353       3A         0
                text46                              51E      51E       22         0
                text45                              196      196       86         0
                text44                              429      429       33         0
                text43                              4F9      4F9       25         0
                text42                              5B4      5B4       1A         0
                text41                               52       52       BA         0
                text40                              560      560       1F         0
                text39                              21C      21C       7B         0
                text38                              6C4      6C4        4         0
                text37                              6D4      6D4        1         0
                text36                              4AC      4AC       27         0
                text35                              624      624       10         0
                text33                              670      670        9         0
                text32                              6B3      6B3        5         0
                text31                              6AE      6AE        5         0
                text30                              485      485       27         0
                text29                              3F5      3F5       34         0
                text28                              3C1      3C1       34         0
                text27                              45C      45C       29         0
                text26                              6D0      6D0        3         0
                text25                              38D      38D       34         0
                text24                              6A9      6A9        5         0
                text23                              642      642        D         0
                text22                              4D3      4D3       26         0
                text21                              57F      57F       1B         0
                text20                              540      540       20         0
                text19                              65B      65B        C         0
                text18                              297      297       79         0
                text17                              6A3      6A3        6         0
                text16                              69D      69D        6         0
                text15                              697      697        6         0
                text14                              691      691        6         0
                text13                              68B      68B        6         0
                text12                              310      310       43         0
                text11                              685      685        6         0
                text10                              667      667        9         0
                text9                               6C0      6C0        4         0
                text8                               6BC      6BC        4         0
                text7                               5E7      5E7       16         0
                text6                               634      634        E         0
                text5                               64F      64F        C         0
                text4                               59A      59A       1A         0
                text3                               5FD      5FD       14         0
                text2                               6B8      6B8        4         0
                text1                               611      611       13         0
                maintext                            10C      10C       8A         0
                clrtext                             67F      67F        6         0
                idataBANK0                          6D3      6D3        1         0

        CLASS   STRCODE        
                stringtext1                         679      679        6         0

        CLASS   STRING         

        CLASS   CONST          

        CLASS   ENTRY          

        CLASS   COMMON         
                cstackCOMMON                         70       70        E         1

        CLASS   BANK0          
                cstackBANK0                          4A       4A       1C         1
                dataBANK0                            66       66        1         1
                bssBANK0                             20       20       2A         1

        CLASS   BANK1          
                cstackBANK1                          CF       CF        3         1
                bssBANK1                             A0       A0       2F         1

        CLASS   BANK2          

        CLASS   BANK3          

        CLASS   BANK4          

        CLASS   BANK5          

        CLASS   BANK6          

        CLASS   BIGRAM         

        CLASS   RAM            

        CLASS   ABS1           
                abs_s1                               7E       7E        2         1

        CLASS   SFR0           

        CLASS   SFR1           

        CLASS   SFR2           

        CLASS   SFR3           

        CLASS   SFR4           

        CLASS   SFR5           

        CLASS   SFR6           

        CLASS   SFR7           

        CLASS   SFR8           

        CLASS   SFR9           

        CLASS   SFR10          

        CLASS   SFR11          

        CLASS   SFR12          

        CLASS   SFR13          

        CLASS   SFR14          

        CLASS   SFR15          

        CLASS   SFR16          

        CLASS   SFR17          

        CLASS   SFR18          

        CLASS   SFR19          

        CLASS   SFR20          

        CLASS   SFR21          

        CLASS   SFR22          

        CLASS   SFR23          

        CLASS   SFR24          

        CLASS   SFR25          

        CLASS   SFR26          

        CLASS   SFR27          

        CLASS   SFR28          

        CLASS   SFR29          

        CLASS   SFR30          

        CLASS   SFR31          

        CLASS   CONFIG         
                config                             8007     8007        2         4

        CLASS   IDLOC          

        CLASS   EEDATA         

        CLASS   BANK31         

        CLASS   BANK30         

        CLASS   BANK29         

        CLASS   BANK28         

        CLASS   BANK27         

        CLASS   BANK26         

        CLASS   BANK25         

        CLASS   BANK24         

        CLASS   BANK23         

        CLASS   BANK22         

        CLASS   BANK21         

        CLASS   BANK20         

        CLASS   BANK19         

        CLASS   BANK18         

        CLASS   BANK17         

        CLASS   BANK16         

        CLASS   BANK15         

        CLASS   BANK14         

        CLASS   BANK13         

        CLASS   BANK12         

        CLASS   BANK11         

        CLASS   BANK10         

        CLASS   BANK9          

        CLASS   BANK8          

        CLASS   BANK7          

        CLASS   HEAP           

        CLASS   STACK          



SEGMENTS        Name                           Load    Length   Top    Selector   Space  Class     Delta

                reset_vec                      000000  000002  000002         0       0  CODE        2
                intentry                       000004  000675  000679         8       0  CODE        2
                bssBANK0                       000020  000047  000067        20       1  BANK0       1
                cstackCOMMON                   000070  00000E  00007E        70       1  COMMON      1
                bssBANK1                       0000A0  000032  0000D2        A0       1  BANK1       1
                stringtext1                    000679  000006  00067F       CF2       0  STRCODE     2
                clrtext                        00067F  000057  0006D6       CFE       0  CODE        2


UNUSED ADDRESS RANGES

        Name                Unused          Largest block    Delta
        BANK0            00067-0006F               9           1
        BANK1            000D2-000EF              1E           1
        BANK2            00120-0016F              50           1
        BANK3            001A0-001EF              50           1
        BANK4            00220-0026F              50           1
        BANK5            002A0-002EF              50           1
        BANK6            00320-0032F              10           1
        BIGRAM           02000-021EF             1F0           1
        CODE             00002-00003               2           2
                         006D6-01FFF             800
        CONST            00002-00003               2           2
                         006D6-01FFF             100
        EEDATA           0F000-0F0FF             100           2
        ENTRY            00002-00003               2           2
                         006D6-01FFF             100
        IDLOC            08000-08003               4           2
        RAM              00067-0006F               9           1
                         000D2-000EF              1E
                         00120-0016F              50
                         001A0-001EF              50
                         00220-0026F              50
                         002A0-002EF              50
                         00320-0032F              10
        SFR0             00000-0001F              20           1
        SFR1             00080-0009F              20           1
        SFR10            00500-0056F              70           1
        SFR11            00580-005EF              70           1
        SFR12            00600-0066F              70           1
        SFR13            00680-006EF              70           1
        SFR14            00700-0076F              70           1
        SFR15            00780-007EF              70           1
        SFR16            00800-0086F              70           1
        SFR17            00880-008EF              70           1
        SFR18            00900-0096F              70           1
        SFR19            00980-009EF              70           1
        SFR2             00100-0011F              20           1
        SFR20            00A00-00A6F              70           1
        SFR21            00A80-00AEF              70           1
        SFR22            00B00-00B6F              70           1
        SFR23            00B80-00BEF              70           1
        SFR24            00C00-00C6F              70           1
        SFR25            00C80-00CEF              70           1
        SFR26            00D00-00D6F              70           1
        SFR27            00D80-00DEF              70           1
        SFR28            00E00-00E6F              70           1
        SFR29            00E80-00EEF              70           1
        SFR3             00180-0019F              20           1
        SFR30            00F00-00F6F              70           1
        SFR31            00F80-00FEF              70           1
        SFR4             00200-0021F              20           1
        SFR5             00280-0029F              20           1
        SFR6             00300-0031F              20           1
        SFR7             00380-003EF              70           1
        SFR8             00400-0046F              70           1
        SFR9             00480-004EF              70           1
        STRCODE          00002-00003               2           2
                         006D6-01FFF            192A
        STRING           00002-00003               2           2
                         006D6-01FFF             100

                                  Symbol Table

?___wmul                                       cstackCOMMON 00070
EUSART_Read@readValue                          cstackBANK0  00054
EUSART_SetErrorHandler@interruptHandler        cstackBANK0  00053
EUSART_SetFramingErrorHandler@interruptHandler cstackBANK0  00053
EUSART_SetOverrunErrorHandler@interruptHandler cstackBANK0  00053
EUSART_SetRxInterruptHandler@interruptHandler  cstackBANK0  00053
EUSART_SetTxInterruptHandler@interruptHandler  cstackBANK0  00053
EUSART_Write@txData                            cstackBANK0  00054
LIN_calcParity@CMD                             cstackCOMMON 00071
LIN_calcParity@PID                             cstackCOMMON 00072
LIN_getChecksum@checksum                       cstackBANK0  00059
LIN_getChecksum@data                           cstackBANK0  00054
LIN_getChecksum@i                              cstackBANK0  00058
LIN_getChecksum@length                         cstackBANK0  00057
LIN_getChecksum@pid                            cstackBANK0  00053
LIN_getPacket@cmd                              cstackBANK0  0005B
LIN_getPacket@data                             cstackBANK0  0005C
LIN_handler@LIN_state                          bssBANK0     0003A
LIN_init@processData                           cstackBANK0  00057
LIN_init@table                                 cstackBANK0  00055
LIN_init@tableLength                           cstackBANK0  00059
LIN_queuePacket@cmd                            cstackBANK0  0004A
LIN_queuePacket@data                           cstackCOMMON 00078
LIN_queuePacket@i                              cstackBANK0  0004B
LIN_queuePacket@tempSchedule                   cstackBANK0  0004C
LIN_receivePacket@rxIndex                      bssBANK0     00039
LIN_sendPacket@i                               cstackBANK0  00056
LIN_sendPeriodicTx@periodicTx                  cstackBANK0  00051
LIN_sendPeriodicTx@scheduleIndex               bssBANK0     00038
LIN_startTimer@timeout                         cstackBANK0  00054
TMR0_SetInterruptHandler@InterruptHandler      cstackBANK0  00053
TMR0_WriteTimer@timerVal                       cstackBANK0  00053
_ANSELA                                        (abs)        0018C
_ANSELB                                        (abs)        0018D
_APFCON                                        (abs)        0011D
_BAUDCON                                       (abs)        0019F
_BORCON                                        (abs)        00116
_EUSART_DefaultErrorHandler                    text50       006CC
_EUSART_DefaultFramingErrorHandler             text49       006D5
_EUSART_DefaultOverrunErrorHandler             text48       006C8
_EUSART_ErrorHandler                           bssBANK0     00022
_EUSART_FramingErrorHandler                    bssBANK0     00026
_EUSART_Initialize                             text12       00310
_EUSART_OverrunErrorHandler                    bssBANK0     00024
_EUSART_Read                                   text30       00485
_EUSART_Receive_ISR                            text47       00353
_EUSART_RxDataHandler                          text51       005CE
_EUSART_RxDefaultInterruptHandler              bssBANK0     00028
_EUSART_SetErrorHandler                        text17       006A3
_EUSART_SetFramingErrorHandler                 text16       0069D
_EUSART_SetOverrunErrorHandler                 text15       00697
_EUSART_SetRxInterruptHandler                  text14       00691
_EUSART_SetTxInterruptHandler                  text13       0068B
_EUSART_Transmit_ISR                           text46       0051E
_EUSART_TxDefaultInterruptHandler              bssBANK0     0002A
_EUSART_Write                                  text27       0045C
_EUSART_is_rx_ready                            text33       00670
_INTCONbits                                    (abs)        0000B
_INTERRUPT_InterruptManager                    intentry     00004
_LATA                                          (abs)        0010C
_LATB                                          (abs)        0010D
_LATBbits                                      (abs)        0010D
_LATC                                          (abs)        0010E
_LATE                                          (abs)        00110
_LIN_Master_Initialize                         text6        00634
_LIN_calcParity                                text45       00196
_LIN_disableRx                                 text32       006B3
_LIN_enablePeriodTx                            bssBANK0     0003D
_LIN_enableRx                                  text31       006AE
_LIN_getChecksum                               text29       003F5
_LIN_getPacket                                 text20       00540
_LIN_handler                                   text18       00297
_LIN_init                                      text7        005E7
_LIN_packet                                    bssBANK1     000C4
_LIN_period                                    bssBANK0     0003F
_LIN_periodCallBack                            bssBANK0     0003B
_LIN_processData                               bssBANK0     0002E
_LIN_queuePacket                               text41       00052
_LIN_receivePacket                             text28       003C1
_LIN_rxPacket                                  bssBANK1     000B8
_LIN_sendBreak                                 text26       006D0
_LIN_sendPacket                                text25       0038D
_LIN_sendPeriodicTx                            text39       0021C
_LIN_setTimerHandler                           text10       00667
_LIN_startPeriod                               text9        006C0
_LIN_startTimer                                text23       00642
_LIN_stopTimer                                 text8        006BC
_LIN_timeout                                   dataBANK0    00066
_LIN_timerCallBack                             bssBANK0     0003C
_LIN_timerHandler                              text36       004AC
_LIN_timerRunning                              bssBANK0     0003E
_LIN_txReady                                   bssBANK0     00041
_OPTION_REG                                    (abs)        00095
_OPTION_REGbits                                (abs)        00095
_OSCCON                                        (abs)        00099
_OSCILLATOR_Initialize                         text5        0064F
_OSCTUNE                                       (abs)        00098
_PIE1bits                                      (abs)        00091
_PIN_MANAGER_Initialize                        text4        0059A
_PIR1bits                                      (abs)        00011
_PLLR                                          (abs)        004D6
_PORTAbits                                     (abs)        0000C
_PORTCbits                                     (abs)        0000E
_RCREG                                         (abs)        00199
_RCSTA                                         (abs)        0019D
_RCSTAbits                                     (abs)        0019D
_SPBRGH                                        (abs)        0019C
_SPBRGL                                        (abs)        0019B
_SW_STATE_Data                                 bssBANK0     00042
_SYSTEM_Initialize                             text1        00611
_TMR0                                          (abs)        00015
_TMR0_DefaultInterruptHandler                  text37       006D4
_TMR0_ISR                                      text35       00624
_TMR0_Initialize                               text3        005FD
_TMR0_InterruptHandler                         bssBANK0     00020
_TMR0_SetInterruptHandler                      text11       00685
_TMR0_WriteTimer                               text24       006A9
_TRISA                                         (abs)        0008C
_TRISB                                         (abs)        0008D
_TRISC                                         (abs)        0008E
_TRISE                                         (abs)        00090
_TXREG                                         (abs)        0019A
_TXSTA                                         (abs)        0019E
_TXSTAbits                                     (abs)        0019E
_WDTCON                                        (abs)        00097
_WDT_Initialize                                text2        006B8
_WPUB                                          (abs)        0020D
_WPUE                                          (abs)        00210
__H__absolute__                                __absolute__ 00000
__Habs1                                        abs1         00000
__Hbank0                                       bank0        00000
__Hbank1                                       bank1        00000
__Hbank10                                      bank10       00000
__Hbank11                                      bank11       00000
__Hbank12                                      bank12       00000
__Hbank13                                      bank13       00000
__Hbank14                                      bank14       00000
__Hbank15                                      bank15       00000
__Hbank16                                      bank16       00000
__Hbank17                                      bank17       00000
__Hbank18                                      bank18       00000
__Hbank19                                      bank19       00000
__Hbank2                                       bank2        00000
__Hbank20                                      bank20       00000
__Hbank21                                      bank21       00000
__Hbank22                                      bank22       00000
__Hbank23                                      bank23       00000
__Hbank24                                      bank24       00000
__Hbank25                                      bank25       00000
__Hbank26                                      bank26       00000
__Hbank27                                      bank27       00000
__Hbank28                                      bank28       00000
__Hbank29                                      bank29       00000
__Hbank3                                       bank3        00000
__Hbank30                                      bank30       00000
__Hbank31                                      bank31       00000
__Hbank4                                       bank4        00000
__Hbank5                                       bank5        00000
__Hbank6                                       bank6        00000
__Hbank7                                       bank7        00000
__Hbank8                                       bank8        00000
__Hbank9                                       bank9        00000
__Hbigram                                      bigram       00000
__HbssBANK0                                    bssBANK0     00000
__HbssBANK1                                    bssBANK1     00000
__Hcinit                                       cinit        00052
__Hclrtext                                     clrtext      00000
__Hcode                                        code         00000
__Hcommon                                      common       00000
__Hconfig                                      config       08009
__HcstackBANK0                                 cstackBANK0  00000
__HcstackBANK1                                 cstackBANK1  00000
__HcstackCOMMON                                cstackCOMMON 00000
__HdataBANK0                                   dataBANK0    00000
__Heeprom_data                                 eeprom_data  00000
__Hend_init                                    end_init     0003A
__Hfunctab                                     functab      00000
__Hheap                                        heap         00000
__HidataBANK0                                  idataBANK0   00000
__Hinit                                        init         00038
__Hintentry                                    intentry     00038
__Hmaintext                                    maintext     00000
__Hpowerup                                     powerup      00000
__Hram                                         ram          00000
__Hreset_vec                                   reset_vec    00002
__Hsfr0                                        sfr0         00000
__Hsfr1                                        sfr1         00000
__Hsfr10                                       sfr10        00000
__Hsfr11                                       sfr11        00000
__Hsfr12                                       sfr12        00000
__Hsfr13                                       sfr13        00000
__Hsfr14                                       sfr14        00000
__Hsfr15                                       sfr15        00000
__Hsfr16                                       sfr16        00000
__Hsfr17                                       sfr17        00000
__Hsfr18                                       sfr18        00000
__Hsfr19                                       sfr19        00000
__Hsfr2                                        sfr2         00000
__Hsfr20                                       sfr20        00000
__Hsfr21                                       sfr21        00000
__Hsfr22                                       sfr22        00000
__Hsfr23                                       sfr23        00000
__Hsfr24                                       sfr24        00000
__Hsfr25                                       sfr25        00000
__Hsfr26                                       sfr26        00000
__Hsfr27                                       sfr27        00000
__Hsfr28                                       sfr28        00000
__Hsfr29                                       sfr29        00000
__Hsfr3                                        sfr3         00000
__Hsfr30                                       sfr30        00000
__Hsfr31                                       sfr31        00000
__Hsfr4                                        sfr4         00000
__Hsfr5                                        sfr5         00000
__Hsfr6                                        sfr6         00000
__Hsfr7                                        sfr7         00000
__Hsfr8                                        sfr8         00000
__Hsfr9                                        sfr9         00000
__Hsivt                                        sivt         00038
__Hspace_0                                     (abs)        006D6
__Hspace_1                                     (abs)        000D2
__Hspace_2                                     (abs)        00000
__Hspace_3                                     (abs)        00000
__Hspace_4                                     (abs)        10010
__Hstack                                       stack        00000
__Hstrings                                     strings      00000
__Hstringtext1                                 stringtext1  00000
__Htext                                        text         00000
__L__absolute__                                __absolute__ 00000
__Labs1                                        abs1         00000
__Lbank0                                       bank0        00000
__Lbank1                                       bank1        00000
__Lbank10                                      bank10       00000
__Lbank11                                      bank11       00000
__Lbank12                                      bank12       00000
__Lbank13                                      bank13       00000
__Lbank14                                      bank14       00000
__Lbank15                                      bank15       00000
__Lbank16                                      bank16       00000
__Lbank17                                      bank17       00000
__Lbank18                                      bank18       00000
__Lbank19                                      bank19       00000
__Lbank2                                       bank2        00000
__Lbank20                                      bank20       00000
__Lbank21                                      bank21       00000
__Lbank22                                      bank22       00000
__Lbank23                                      bank23       00000
__Lbank24                                      bank24       00000
__Lbank25                                      bank25       00000
__Lbank26                                      bank26       00000
__Lbank27                                      bank27       00000
__Lbank28                                      bank28       00000
__Lbank29                                      bank29       00000
__Lbank3                                       bank3        00000
__Lbank30                                      bank30       00000
__Lbank31                                      bank31       00000
__Lbank4                                       bank4        00000
__Lbank5                                       bank5        00000
__Lbank6                                       bank6        00000
__Lbank7                                       bank7        00000
__Lbank8                                       bank8        00000
__Lbank9                                       bank9        00000
__Lbigram                                      bigram       00000
__LbssBANK0                                    bssBANK0     00000
__LbssBANK1                                    bssBANK1     00000
__Lcinit                                       cinit        0003A
__Lclrtext                                     clrtext      00000
__Lcode                                        code         00000
__Lcommon                                      common       00000
__Lconfig                                      config       00000
__LcstackBANK0                                 cstackBANK0  00000
__LcstackBANK1                                 cstackBANK1  00000
__LcstackCOMMON                                cstackCOMMON 00000
__LdataBANK0                                   dataBANK0    00000
__Leeprom_data                                 eeprom_data  00000
__Lend_init                                    end_init     00038
__Lfunctab                                     functab      00000
__Lheap                                        heap         00000
__LidataBANK0                                  idataBANK0   00000
__Linit                                        init         00038
__Lintentry                                    intentry     00004
__Lmaintext                                    maintext     00000
__Lpowerup                                     powerup      00000
__Lram                                         ram          00000
__Lreset_vec                                   reset_vec    00000
__Lsfr0                                        sfr0         00000
__Lsfr1                                        sfr1         00000
__Lsfr10                                       sfr10        00000
__Lsfr11                                       sfr11        00000
__Lsfr12                                       sfr12        00000
__Lsfr13                                       sfr13        00000
__Lsfr14                                       sfr14        00000
__Lsfr15                                       sfr15        00000
__Lsfr16                                       sfr16        00000
__Lsfr17                                       sfr17        00000
__Lsfr18                                       sfr18        00000
__Lsfr19                                       sfr19        00000
__Lsfr2                                        sfr2         00000
__Lsfr20                                       sfr20        00000
__Lsfr21                                       sfr21        00000
__Lsfr22                                       sfr22        00000
__Lsfr23                                       sfr23        00000
__Lsfr24                                       sfr24        00000
__Lsfr25                                       sfr25        00000
__Lsfr26                                       sfr26        00000
__Lsfr27                                       sfr27        00000
__Lsfr28                                       sfr28        00000
__Lsfr29                                       sfr29        00000
__Lsfr3                                        sfr3         00000
__Lsfr30                                       sfr30        00000
__Lsfr31                                       sfr31        00000
__Lsfr4                                        sfr4         00000
__Lsfr5                                        sfr5         00000
__Lsfr6                                        sfr6         00000
__Lsfr7                                        sfr7         00000
__Lsfr8                                        sfr8         00000
__Lsfr9                                        sfr9         00000
__Lsivt                                        sivt         00038
__Lspace_0                                     (abs)        00000
__Lspace_1                                     (abs)        00000
__Lspace_2                                     (abs)        00000
__Lspace_3                                     (abs)        00000
__Lspace_4                                     (abs)        00000
__Lstack                                       stack        00000
__Lstrings                                     strings      00000
__Lstringtext1                                 stringtext1  00000
__Ltext                                        text         00000
__S0                                           (abs)        006D6
__S1                                           (abs)        000D2
__S3                                           (abs)        00000
___heap_hi                                     (abs)        00000
___heap_lo                                     (abs)        00000
___int_sp                                      stack        00000
___int_stack_hi                                stack        00000
___int_stack_lo                                stack        00000
___latbits                                     (abs)        00002
___sp                                          stack        00000
___stack_hi                                    stack        00000
___stack_lo                                    stack        00000
___stackhi                                     (abs)        00000
___stacklo                                     (abs)        00000
___wmul                                        text40       00560
___wmul@multiplicand                           cstackCOMMON 00072
___wmul@multiplier                             cstackCOMMON 00070
___wmul@product                                cstackCOMMON 00074
__end_of_EUSART_DefaultErrorHandler            text50       006D0
__end_of_EUSART_DefaultFramingErrorHandler     text49       006D6
__end_of_EUSART_DefaultOverrunErrorHandler     text48       006CC
__end_of_EUSART_Initialize                     text12       00353
__end_of_EUSART_Read                           text30       004AC
__end_of_EUSART_Receive_ISR                    text47       0038D
__end_of_EUSART_RxDataHandler                  text51       005E7
__end_of_EUSART_SetErrorHandler                text17       006A9
__end_of_EUSART_SetFramingErrorHandler         text16       006A3
__end_of_EUSART_SetOverrunErrorHandler         text15       0069D
__end_of_EUSART_SetRxInterruptHandler          text14       00697
__end_of_EUSART_SetTxInterruptHandler          text13       00691
__end_of_EUSART_Transmit_ISR                   text46       00540
__end_of_EUSART_Write                          text27       00485
__end_of_EUSART_is_rx_ready                    text33       00679
__end_of_INTERRUPT_InterruptManager            intentry     00038
__end_of_LIN_Master_Initialize                 text6        00642
__end_of_LIN_calcParity                        text45       0021C
__end_of_LIN_disableRx                         text32       006B8
__end_of_LIN_enableRx                          text31       006B3
__end_of_LIN_getChecksum                       text29       00429
__end_of_LIN_getPacket                         text20       00560
__end_of_LIN_handler                           text18       00310
__end_of_LIN_init                              text7        005FD
__end_of_LIN_queuePacket                       text41       0010C
__end_of_LIN_receivePacket                     text28       003F5
__end_of_LIN_sendBreak                         text26       006D3
__end_of_LIN_sendPacket                        text25       003C1
__end_of_LIN_sendPeriodicTx                    text39       00297
__end_of_LIN_setTimerHandler                   text10       00670
__end_of_LIN_startPeriod                       text9        006C4
__end_of_LIN_startTimer                        text23       0064F
__end_of_LIN_stopTimer                         text8        006C0
__end_of_LIN_timerHandler                      text36       004D3
__end_of_OSCILLATOR_Initialize                 text5        0065B
__end_of_PIN_MANAGER_Initialize                text4        005B4
__end_of_SYSTEM_Initialize                     text1        00624
__end_of_TMR0_DefaultInterruptHandler          text37       006D5
__end_of_TMR0_ISR                              text35       00634
__end_of_TMR0_Initialize                       text3        00611
__end_of_TMR0_SetInterruptHandler              text11       0068B
__end_of_TMR0_WriteTimer                       text24       006AE
__end_of_WDT_Initialize                        text2        006BC
__end_of___wmul                                text40       0057F
__end_of__initialization                       cinit        0004E
__end_of_main                                  maintext     00196
__end_of_memcpy                                text22       004F9
__end_of_memset                                text21       0059A
__end_of_processLIN                            text19       00667
__end_of_scheduleTable                         stringtext1  0067F
__end_ofi1_LIN_getChecksum                     text44       0045C
__end_ofi1_LIN_stopTimer                       text38       006C8
__end_ofi1_memcpy                              text43       0051E
__end_ofi1_memset                              text42       005CE
__initialization                               cinit        0003A
__pbssBANK0                                    bssBANK0     00020
__pbssBANK1                                    bssBANK1     000A0
__pcstackBANK0                                 cstackBANK0  0004A
__pcstackBANK1                                 cstackBANK1  000CF
__pcstackCOMMON                                cstackCOMMON 00070
__pdataBANK0                                   dataBANK0    00066
__pidataBANK0                                  idataBANK0   006D3
__pintentry                                    intentry     00004
__pmaintext                                    maintext     0010C
__pstringtext1                                 stringtext1  00679
__ptext1                                       text1        00611
__ptext10                                      text10       00667
__ptext11                                      text11       00685
__ptext12                                      text12       00310
__ptext13                                      text13       0068B
__ptext14                                      text14       00691
__ptext15                                      text15       00697
__ptext16                                      text16       0069D
__ptext17                                      text17       006A3
__ptext18                                      text18       00297
__ptext19                                      text19       0065B
__ptext2                                       text2        006B8
__ptext20                                      text20       00540
__ptext21                                      text21       0057F
__ptext22                                      text22       004D3
__ptext23                                      text23       00642
__ptext24                                      text24       006A9
__ptext25                                      text25       0038D
__ptext26                                      text26       006D0
__ptext27                                      text27       0045C
__ptext28                                      text28       003C1
__ptext29                                      text29       003F5
__ptext3                                       text3        005FD
__ptext30                                      text30       00485
__ptext31                                      text31       006AE
__ptext32                                      text32       006B3
__ptext33                                      text33       00670
__ptext35                                      text35       00624
__ptext36                                      text36       004AC
__ptext37                                      text37       006D4
__ptext38                                      text38       006C4
__ptext39                                      text39       0021C
__ptext4                                       text4        0059A
__ptext40                                      text40       00560
__ptext41                                      text41       00052
__ptext42                                      text42       005B4
__ptext43                                      text43       004F9
__ptext44                                      text44       00429
__ptext45                                      text45       00196
__ptext46                                      text46       0051E
__ptext47                                      text47       00353
__ptext48                                      text48       006C8
__ptext49                                      text49       006D5
__ptext5                                       text5        0064F
__ptext50                                      text50       006CC
__ptext51                                      text51       005CE
__ptext6                                       text6        00634
__ptext7                                       text7        005E7
__ptext8                                       text8        006BC
__ptext9                                       text9        006C0
_eusartRxBuffer                                bssBANK1     000A8
_eusartRxCount                                 bssBANK0     00032
_eusartRxHead                                  bssBANK0     00034
_eusartRxLastError                             bssBANK0     00031
_eusartRxStatusBuffer                          bssBANK1     000A0
_eusartRxTail                                  bssBANK0     00033
_eusartTxBuffer                                bssBANK1     000B0
_eusartTxBufferRemaining                       bssBANK0     00035
_eusartTxHead                                  bssBANK0     00037
_eusartTxTail                                  bssBANK0     00036
_main                                          maintext     0010C
_memcpy                                        text22       004D3
_memset                                        text21       0057F
_processLIN                                    text19       0065B
_schedule                                      bssBANK0     0002C
_scheduleLength                                bssBANK0     00040
_scheduleTable                                 stringtext1  00679
_timer0ReloadVal                               bssBANK0     00030
btemp                                          (abs)        0007E
clear_ram0                                     clrtext      0067F
end_of_initialization                          cinit        0004E
i1LIN_getChecksum@checksum                     cstackCOMMON 00076
i1LIN_getChecksum@data                         cstackCOMMON 00071
i1LIN_getChecksum@i                            cstackCOMMON 00075
i1LIN_getChecksum@length                       cstackCOMMON 00074
i1LIN_getChecksum@pid                          cstackCOMMON 00070
i1_LIN_getChecksum                             text44       00429
i1_LIN_stopTimer                               text38       006C4
i1_memcpy                                      text43       004F9
i1_memset                                      text42       005B4
i1memcpy@d                                     cstackCOMMON 00076
i1memcpy@d1                                    cstackCOMMON 00074
i1memcpy@n                                     cstackCOMMON 00071
i1memcpy@s                                     cstackCOMMON 00077
i1memcpy@s1                                    cstackCOMMON 00070
i1memcpy@tmp                                   cstackCOMMON 00075
i1memset@c                                     cstackCOMMON 00070
i1memset@dest                                  cstackCOMMON 00075
i1memset@n                                     cstackCOMMON 00072
i1memset@p                                     cstackCOMMON 00076
int$flags                                      (abs)        0007E
intlevel0                                      functab      00000
intlevel1                                      functab      00000
intlevel2                                      functab      00000
intlevel3                                      functab      00000
intlevel4                                      functab      00000
intlevel5                                      functab      00000
memcpy@d                                       cstackBANK0  00058
memcpy@d1                                      cstackBANK0  0005A
memcpy@n                                       cstackBANK0  00054
memcpy@s                                       cstackBANK0  00059
memcpy@s1                                      cstackBANK0  00053
memcpy@tmp                                     cstackBANK0  00057
memset@c                                       cstackBANK0  00053
memset@dest                                    cstackBANK0  00059
memset@n                                       cstackBANK0  00055
memset@p                                       cstackBANK0  00058
processLIN@cmd                                 cstackBANK0  00065
processLIN@tempRxData                          cstackBANK0  0005D
reset_vec                                      reset_vec    00000
start                                          init         00038
start_initialization                           cinit        0003A
wtemp0                                         (abs)        0007E


MODULE INFORMATION

Module		Function		Class		Link	Load	Size
mcc_generated_files/LINDrivers/lin_master.c
		_LIN_init      		CODE           	05E7	0000	22
		_LIN_stopTimer 		CODE           	06BC	0000	4
		_LIN_timerHandler		CODE           	04AC	0000	39
		_LIN_sendBreak 		CODE           	06D0	0000	3
		_LIN_getPacket 		CODE           	0540	0000	32
		_LIN_sendPacket		CODE           	038D	0000	52
		_LIN_disableRx 		CODE           	06B3	0000	5
		_LIN_setTimerHandler		CODE           	0667	0000	9
		_LIN_startTimer		CODE           	0642	0000	13
		_LIN_queuePacket		CODE           	0052	0000	186
		_LIN_sendPeriodicTx		CODE           	021C	0000	123
		_LIN_receivePacket		CODE           	03C1	0000	52
		_LIN_getChecksum		CODE           	03F5	0000	52
		_LIN_handler   		CODE           	0297	0000	121
		_LIN_startPeriod		CODE           	06C0	0000	4
		_LIN_calcParity		CODE           	0196	0000	134
		_LIN_enableRx  		CODE           	06AE	0000	5

mcc_generated_files/LINDrivers/lin_master.c estimated size: 856

mcc_generated_files/interrupt_manager.c
		_INTERRUPT_InterruptManager		CODE           	0004	0000	52

mcc_generated_files/interrupt_manager.c estimated size: 52

mcc_generated_files/tmr0.c
		_TMR0_SetInterruptHandler		CODE           	0685	0000	6
		_TMR0_DefaultInterruptHandler		CODE           	06D4	0000	1
		_TMR0_WriteTimer		CODE           	06A9	0000	5
		_TMR0_ISR      		CODE           	0624	0000	16
		_TMR0_Initialize		CODE           	05FD	0000	20

mcc_generated_files/tmr0.c estimated size: 48

mcc_generated_files/pin_manager.c
		_PIN_MANAGER_Initialize		CODE           	059A	0000	26

mcc_generated_files/pin_manager.c estimated size: 26

C:\Program Files\Microchip\xc8\v2.46\pic\sources\c99\common\memset.c
		_memset        		CODE           	057F	0000	27

C:\Program Files\Microchip\xc8\v2.46\pic\sources\c99\common\memset.c estimated size: 27

shared
		i1_LIN_stopTimer		CODE           	06C4	0000	4
		_scheduleTable 		STRCODE        	0679	0000	6
		__initialization		CODE           	003A	0000	20
		i1_LIN_getChecksum		CODE           	0429	0000	51
		i1_memset      		CODE           	05B4	0000	26
		i1_memcpy      		CODE           	04F9	0000	37

shared estimated size: 144

C:\Program Files\Microchip\xc8\v2.46\pic\sources\c99\common\Umul16.c
		___wmul        		CODE           	0560	0000	31

C:\Program Files\Microchip\xc8\v2.46\pic\sources\c99\common\Umul16.c estimated size: 31

mcc_generated_files/mcc.c
		_WDT_Initialize		CODE           	06B8	0000	4
		_OSCILLATOR_Initialize		CODE           	064F	0000	12
		_SYSTEM_Initialize		CODE           	0611	0000	19

mcc_generated_files/mcc.c estimated size: 35

mcc_generated_files/LINDrivers/lin_app.c
		_processLIN    		CODE           	065B	0000	12
		_LIN_Master_Initialize		CODE           	0634	0000	14

mcc_generated_files/LINDrivers/lin_app.c estimated size: 26

C:\Program Files\Microchip\xc8\v2.46\pic\sources\c99\common\memcpy.c
		_memcpy        		CODE           	04D3	0000	38

C:\Program Files\Microchip\xc8\v2.46\pic\sources\c99\common\memcpy.c estimated size: 38

mcc_generated_files/eusart.c
		_EUSART_SetRxInterruptHandler		CODE           	0691	0000	6
		_EUSART_SetTxInterruptHandler		CODE           	068B	0000	6
		_EUSART_Read   		CODE           	0485	0000	39
		_EUSART_DefaultOverrunErrorHandler		CODE           	06C8	0000	4
		_EUSART_Write  		CODE           	045C	0000	41
		_EUSART_DefaultErrorHandler		CODE           	06CC	0000	4
		_EUSART_Transmit_ISR		CODE           	051E	0000	34
		_EUSART_Initialize		CODE           	0310	0000	67
		_EUSART_SetFramingErrorHandler		CODE           	069D	0000	6
		_EUSART_SetErrorHandler		CODE           	06A3	0000	6
		_EUSART_SetOverrunErrorHandler		CODE           	0697	0000	6
		_EUSART_Receive_ISR		CODE           	0353	0000	58
		_EUSART_RxDataHandler		CODE           	05CE	0000	25
		_EUSART_DefaultFramingErrorHandler		CODE           	06D5	0000	1
		_EUSART_is_rx_ready		CODE           	0670	0000	9

mcc_generated_files/eusart.c estimated size: 312

main.c
		_main          		CODE           	010C	0000	138

main.c estimated size: 138

