Microchip MPLAB XC8 Compiler V2.46

Linker command line:

-W-3 \
  --edf=C:\Program Files\Microchip\xc8\v2.46\pic\dat\20240104201356_en.msgs \
  -cn -h+dist/default/production\FR743_B101L_TX_V05.X.production.sym \
  --cmf=dist/default/production\FR743_B101L_TX_V05.X.production.cmf -z \
  -Q16F1936 -oC:\Users\t00904\AppData\Local\Temp\xcBscus.1\driver_tmp_3.o \
  --defsym=__MPLAB_BUILD=1 --fixupoverflow=error \
  -Mdist/default/production/FR743_B101L_TX_V05.X.production.map \
  --md=C:\Users\t00904\AppData\Local\Temp\xcBscus.1\driver_tmp_0.dat -E1 \
  -ver=XC8 Compiler --acfsm=1493 -ACODE=00h-07FFhx4 -ASTRCODE=00h-01FFFh \
  -ASTRING=00h-0FFhx32 -ACONST=00h-0FFhx32 -AENTRY=00h-0FFhx32 \
  -ACOMMON=070h-07Fh -ABANK0=020h-06Fh -ABANK1=0A0h-0EFh \
  -ABANK2=0120h-016Fh -ABANK3=01A0h-01EFh -ABANK4=0220h-026Fh \
  -ABANK5=02A0h-02EFh -ABANK6=0320h-032Fh -ABIGRAM=02000h-021EFh \
  -ARAM=020h-06Fh,0A0h-0EFh,0120h-016Fh,01A0h-01EFh,0220h-026Fh,02A0h-02EFh,0320h-032Fh \
  -AABS1=020h-07Fh,0A0h-0EFh,0120h-016Fh,01A0h-01EFh,0220h-026Fh,02A0h-02EFh,0320h-032Fh \
  -ASFR0=00h-01Fh -ASFR1=080h-09Fh -ASFR2=0100h-011Fh -ASFR3=0180h-019Fh \
  -ASFR4=0200h-021Fh -ASFR5=0280h-029Fh -ASFR6=0300h-031Fh \
  -ASFR7=0380h-03EFh -ASFR8=0400h-046Fh -ASFR9=0480h-04EFh \
  -ASFR10=0500h-056Fh -ASFR11=0580h-05EFh -ASFR12=0600h-066Fh \
  -ASFR13=0680h-06EFh -ASFR14=0700h-076Fh -ASFR15=0780h-07EFh \
  -ASFR16=0800h-086Fh -ASFR17=0880h-08EFh -ASFR18=0900h-096Fh \
  -ASFR19=0980h-09EFh -ASFR20=0A00h-0A6Fh -ASFR21=0A80h-0AEFh \
  -ASFR22=0B00h-0B6Fh -ASFR23=0B80h-0BEFh -ASFR24=0C00h-0C6Fh \
  -ASFR25=0C80h-0CEFh -ASFR26=0D00h-0D6Fh -ASFR27=0D80h-0DEFh \
  -ASFR28=0E00h-0E6Fh -ASFR29=0E80h-0EEFh -ASFR30=0F00h-0F6Fh \
  -ASFR31=0F80h-0FEFh -ACONFIG=08007h-08008h -DCONFIG=2 \
  -AIDLOC=08000h-08003h -DIDLOC=2 -AEEDATA=00h-0FFh/0F000h \
  -peeprom_data=EEDATA -DEEDATA=2 -DCODE=2 -DSTRCODE=2 -DSTRING=2 -DCONST=2 \
  -DENTRY=2 -preset_vec=00h,intentry=04h,sivt,init,end_init -ppowerup=CODE \
  -pcinit=CODE -pfunctab=ENTRY -k \
  C:\Users\t00904\AppData\Local\Temp\xcBscus.1\driver_tmp_15.o \
  dist/default/production\FR743_B101L_TX_V05.X.production.o 

Object code version is 3.11

Machine type is 16F1936



                Name                               Link     Load   Length Selector   Space Scale
C:\Users\t00904\AppData\Local\Temp\xcBscus.1\driver_tmp_15.o
                end_init                             38       38        2        8       0
                reset_vec                             0        0        2        0       0
                config                             8007     8007        2        0       4
dist/default/production\FR743_B101L_TX_V05.X.production.o
                cinit                                3A       3A       18        8       0
                intentry                              4        4       34        8       0
                config                             8007     8007        2        0       4
                text58                              62E      62E       19        8       0
                text57                              730      730        4      DBE       0
                text56                              743      743        1      DBE       0
                text55                              72C      72C        4      DBE       0
                text54                              3B3      3B3       3A        8       0
                text53                              57E      57E       22        8       0
                text52                              1F6      1F6       86        8       0
                text51                              489      489       33        8       0
                text50                              559      559       25        8       0
                text49                              614      614       1A        8       0
                text48                              13C      13C       BA        8       0
                text47                              5C0      5C0       1F        8       0
                text46                              27C      27C       7B        8       0
                text45                              728      728        4      DBE       0
                text44                              742      742        1      DBE       0
                text43                              50C      50C       27        8       0
                text42                              684      684       10        8       0
                text40                              741      741        1      DBE       0
                text39                              73A      73A        3      DBE       0
                text38                              740      740        1      DBE       0
                text37                              73F      73F        1      DBE       0
                text36                              737      737        3      DBE       0
                text35                              724      724        4      DBE       0
                text34                              73E      73E        1      DBE       0
                text33                              6D0      6D0        9        8       0
                text32                              713      713        5      DBE       0
                text31                              70E      70E        5      DBE       0
                text30                              4E5      4E5       27        8       0
                text29                              455      455       34        8       0
                text28                              421      421       34        8       0
                text27                              4BC      4BC       29        8       0
                text26                              734      734        3      DBE       0
                text25                              3ED      3ED       34        8       0
                text24                              709      709        5      DBE       0
                text23                              6A2      6A2        D        8       0
                text22                              533      533       26        8       0
                text21                              5DF      5DF       1B        8       0
                text20                              5A0      5A0       20        8       0
                text19                              6BB      6BB        C        8       0
                text18                              2F7      2F7       79        8       0
                text17                              703      703        6      DBE       0
                text16                              6FD      6FD        6      DBE       0
                text15                              6F7      6F7        6      DBE       0
                text14                              6F1      6F1        6      DBE       0
                text13                              6EB      6EB        6      DBE       0
                text12                              370      370       43        8       0
                text11                              6E5      6E5        6      DBE       0
                text10                              6C7      6C7        9        8       0
                text9                               720      720        4      DBE       0
                text8                               71C      71C        4      DBE       0
                text7                               647      647       16        8       0
                text6                               694      694        E        8       0
                text5                               6AF      6AF        C        8       0
                text4                               5FA      5FA       1A        8       0
                text3                               65D      65D       14        8       0
                text2                               718      718        4      DBE       0
                text1                               671      671       13        8       0
                maintext                             52       52       EA        8       0
                cstackBANK0                          4A       4A       1C       20       1
                cstackCOMMON                         70       70        E       70       1
                cstackBANK1                          CF       CF        2       A0       1
                clrtext                             6DF      6DF        6      DBE       0
                bssBANK1                             A0       A0       2F       A0       1
                dataBANK0                            66       66        1       20       1
                bssBANK0                             20       20       2A       20       1
                stringtext1                         6D9      6D9        6      DB2       0
                idataBANK0                          73D      73D        1      DBE       0

TOTAL           Name                               Link     Load   Length     Space
        CLASS   CODE           
                end_init                             38       38        2         0
                cinit                                3A       3A       18         0
                intentry                              4        4       34         0
                reset_vec                             0        0        2         0
                text58                              62E      62E       19         0
                text57                              730      730        4         0
                text56                              743      743        1         0
                text55                              72C      72C        4         0
                text54                              3B3      3B3       3A         0
                text53                              57E      57E       22         0
                text52                              1F6      1F6       86         0
                text51                              489      489       33         0
                text50                              559      559       25         0
                text49                              614      614       1A         0
                text48                              13C      13C       BA         0
                text47                              5C0      5C0       1F         0
                text46                              27C      27C       7B         0
                text45                              728      728        4         0
                text44                              742      742        1         0
                text43                              50C      50C       27         0
                text42                              684      684       10         0
                text40                              741      741        1         0
                text39                              73A      73A        3         0
                text38                              740      740        1         0
                text37                              73F      73F        1         0
                text36                              737      737        3         0
                text35                              724      724        4         0
                text34                              73E      73E        1         0
                text33                              6D0      6D0        9         0
                text32                              713      713        5         0
                text31                              70E      70E        5         0
                text30                              4E5      4E5       27         0
                text29                              455      455       34         0
                text28                              421      421       34         0
                text27                              4BC      4BC       29         0
                text26                              734      734        3         0
                text25                              3ED      3ED       34         0
                text24                              709      709        5         0
                text23                              6A2      6A2        D         0
                text22                              533      533       26         0
                text21                              5DF      5DF       1B         0
                text20                              5A0      5A0       20         0
                text19                              6BB      6BB        C         0
                text18                              2F7      2F7       79         0
                text17                              703      703        6         0
                text16                              6FD      6FD        6         0
                text15                              6F7      6F7        6         0
                text14                              6F1      6F1        6         0
                text13                              6EB      6EB        6         0
                text12                              370      370       43         0
                text11                              6E5      6E5        6         0
                text10                              6C7      6C7        9         0
                text9                               720      720        4         0
                text8                               71C      71C        4         0
                text7                               647      647       16         0
                text6                               694      694        E         0
                text5                               6AF      6AF        C         0
                text4                               5FA      5FA       1A         0
                text3                               65D      65D       14         0
                text2                               718      718        4         0
                text1                               671      671       13         0
                maintext                             52       52       EA         0
                clrtext                             6DF      6DF        6         0
                idataBANK0                          73D      73D        1         0

        CLASS   STRCODE        
                stringtext1                         6D9      6D9        6         0

        CLASS   STRING         

        CLASS   CONST          

        CLASS   ENTRY          

        CLASS   COMMON         
                cstackCOMMON                         70       70        E         1

        CLASS   BANK0          
                cstackBANK0                          4A       4A       1C         1
                dataBANK0                            66       66        1         1
                bssBANK0                             20       20       2A         1

        CLASS   BANK1          
                cstackBANK1                          CF       CF        2         1
                bssBANK1                             A0       A0       2F         1

        CLASS   BANK2          

        CLASS   BANK3          

        CLASS   BANK4          

        CLASS   BANK5          

        CLASS   BANK6          

        CLASS   BIGRAM         

        CLASS   RAM            

        CLASS   ABS1           
                abs_s1                               7E       7E        2         1

        CLASS   SFR0           

        CLASS   SFR1           

        CLASS   SFR2           

        CLASS   SFR3           

        CLASS   SFR4           

        CLASS   SFR5           

        CLASS   SFR6           

        CLASS   SFR7           

        CLASS   SFR8           

        CLASS   SFR9           

        CLASS   SFR10          

        CLASS   SFR11          

        CLASS   SFR12          

        CLASS   SFR13          

        CLASS   SFR14          

        CLASS   SFR15          

        CLASS   SFR16          

        CLASS   SFR17          

        CLASS   SFR18          

        CLASS   SFR19          

        CLASS   SFR20          

        CLASS   SFR21          

        CLASS   SFR22          

        CLASS   SFR23          

        CLASS   SFR24          

        CLASS   SFR25          

        CLASS   SFR26          

        CLASS   SFR27          

        CLASS   SFR28          

        CLASS   SFR29          

        CLASS   SFR30          

        CLASS   SFR31          

        CLASS   CONFIG         
                config                             8007     8007        2         4

        CLASS   IDLOC          

        CLASS   EEDATA         

        CLASS   BANK31         

        CLASS   BANK30         

        CLASS   BANK29         

        CLASS   BANK28         

        CLASS   BANK27         

        CLASS   BANK26         

        CLASS   BANK25         

        CLASS   BANK24         

        CLASS   BANK23         

        CLASS   BANK22         

        CLASS   BANK21         

        CLASS   BANK20         

        CLASS   BANK19         

        CLASS   BANK18         

        CLASS   BANK17         

        CLASS   BANK16         

        CLASS   BANK15         

        CLASS   BANK14         

        CLASS   BANK13         

        CLASS   BANK12         

        CLASS   BANK11         

        CLASS   BANK10         

        CLASS   BANK9          

        CLASS   BANK8          

        CLASS   BANK7          

        CLASS   HEAP           

        CLASS   STACK          



SEGMENTS        Name                           Load    Length   Top    Selector   Space  Class     Delta

                reset_vec                      000000  000002  000002         0       0  CODE        2
                intentry                       000004  0006D5  0006D9         8       0  CODE        2
                bssBANK0                       000020  000047  000067        20       1  BANK0       1
                cstackCOMMON                   000070  00000E  00007E        70       1  COMMON      1
                bssBANK1                       0000A0  000031  0000D1        A0       1  BANK1       1
                stringtext1                    0006D9  000006  0006DF       DB2       0  STRCODE     2
                clrtext                        0006DF  000065  000744       DBE       0  CODE        2


UNUSED ADDRESS RANGES

        Name                Unused          Largest block    Delta
        BANK0            00067-0006F               9           1
        BANK1            000D1-000EF              1F           1
        BANK2            00120-0016F              50           1
        BANK3            001A0-001EF              50           1
        BANK4            00220-0026F              50           1
        BANK5            002A0-002EF              50           1
        BANK6            00320-0032F              10           1
        BIGRAM           02000-021EF             1F0           1
        CODE             00002-00003               2           2
                         00744-01FFF             800
        CONST            00002-00003               2           2
                         00744-01FFF             100
        EEDATA           0F000-0F0FF             100           2
        ENTRY            00002-00003               2           2
                         00744-01FFF             100
        IDLOC            08000-08003               4           2
        RAM              00067-0006F               9           1
                         000D1-000EF              1F
                         00120-0016F              50
                         001A0-001EF              50
                         00220-0026F              50
                         002A0-002EF              50
                         00320-0032F              10
        SFR0             00000-0001F              20           1
        SFR1             00080-0009F              20           1
        SFR10            00500-0056F              70           1
        SFR11            00580-005EF              70           1
        SFR12            00600-0066F              70           1
        SFR13            00680-006EF              70           1
        SFR14            00700-0076F              70           1
        SFR15            00780-007EF              70           1
        SFR16            00800-0086F              70           1
        SFR17            00880-008EF              70           1
        SFR18            00900-0096F              70           1
        SFR19            00980-009EF              70           1
        SFR2             00100-0011F              20           1
        SFR20            00A00-00A6F              70           1
        SFR21            00A80-00AEF              70           1
        SFR22            00B00-00B6F              70           1
        SFR23            00B80-00BEF              70           1
        SFR24            00C00-00C6F              70           1
        SFR25            00C80-00CEF              70           1
        SFR26            00D00-00D6F              70           1
        SFR27            00D80-00DEF              70           1
        SFR28            00E00-00E6F              70           1
        SFR29            00E80-00EEF              70           1
        SFR3             00180-0019F              20           1
        SFR30            00F00-00F6F              70           1
        SFR31            00F80-00FEF              70           1
        SFR4             00200-0021F              20           1
        SFR5             00280-0029F              20           1
        SFR6             00300-0031F              20           1
        SFR7             00380-003EF              70           1
        SFR8             00400-0046F              70           1
        SFR9             00480-004EF              70           1
        STRCODE          00002-00003               2           2
                         00744-01FFF            18BC
        STRING           00002-00003               2           2
                         00744-01FFF             100

                                  Symbol Table

?___wmul                                       cstackCOMMON 00070
EUSART_Read@readValue                          cstackBANK0  00054
EUSART_SetErrorHandler@interruptHandler        cstackBANK0  00053
EUSART_SetFramingErrorHandler@interruptHandler cstackBANK0  00053
EUSART_SetOverrunErrorHandler@interruptHandler cstackBANK0  00053
EUSART_SetRxInterruptHandler@interruptHandler  cstackBANK0  00053
EUSART_SetTxInterruptHandler@interruptHandler  cstackBANK0  00053
EUSART_Write@txData                            cstackBANK0  00054
LIN_calcParity@CMD                             cstackCOMMON 00071
LIN_calcParity@PID                             cstackCOMMON 00072
LIN_getChecksum@checksum                       cstackBANK0  00059
LIN_getChecksum@data                           cstackBANK0  00054
LIN_getChecksum@i                              cstackBANK0  00058
LIN_getChecksum@length                         cstackBANK0  00057
LIN_getChecksum@pid                            cstackBANK0  00053
LIN_getPacket@cmd                              cstackBANK0  0005B
LIN_getPacket@data                             cstackBANK0  0005C
LIN_handler@LIN_state                          bssBANK0     0003A
LIN_init@processData                           cstackBANK0  00057
LIN_init@table                                 cstackBANK0  00055
LIN_init@tableLength                           cstackBANK0  00059
LIN_queuePacket@cmd                            cstackBANK0  0004A
LIN_queuePacket@data                           cstackCOMMON 00078
LIN_queuePacket@i                              cstackBANK0  0004B
LIN_queuePacket@tempSchedule                   cstackBANK0  0004C
LIN_receivePacket@rxIndex                      bssBANK0     00039
LIN_sendPacket@i                               cstackBANK0  00056
LIN_sendPeriodicTx@periodicTx                  cstackBANK0  00051
LIN_sendPeriodicTx@scheduleIndex               bssBANK0     00038
LIN_startTimer@timeout                         cstackBANK0  00054
TMR0_SetInterruptHandler@InterruptHandler      cstackBANK0  00053
TMR0_WriteTimer@timerVal                       cstackBANK0  00053
_ANSELA                                        (abs)        0018C
_ANSELB                                        (abs)        0018D
_APFCON                                        (abs)        0011D
_BAUDCON                                       (abs)        0019F
_BORCON                                        (abs)        00116
_Clear_No_Call_Warning                         text34       0073E
_EUSART_DefaultErrorHandler                    text57       00730
_EUSART_DefaultFramingErrorHandler             text56       00743
_EUSART_DefaultOverrunErrorHandler             text55       0072C
_EUSART_ErrorHandler                           bssBANK0     00022
_EUSART_FramingErrorHandler                    bssBANK0     00026
_EUSART_Initialize                             text12       00370
_EUSART_OverrunErrorHandler                    bssBANK0     00024
_EUSART_Read                                   text30       004E5
_EUSART_Receive_ISR                            text54       003B3
_EUSART_RxDataHandler                          text58       0062E
_EUSART_RxDefaultInterruptHandler              bssBANK0     00028
_EUSART_SetErrorHandler                        text17       00703
_EUSART_SetFramingErrorHandler                 text16       006FD
_EUSART_SetOverrunErrorHandler                 text15       006F7
_EUSART_SetRxInterruptHandler                  text14       006F1
_EUSART_SetTxInterruptHandler                  text13       006EB
_EUSART_Transmit_ISR                           text53       0057E
_EUSART_TxDefaultInterruptHandler              bssBANK0     0002A
_EUSART_Write                                  text27       004BC
_EUSART_get_last_status                        text40       00741
_EUSART_is_rx_ready                            text33       006D0
_EUSART_is_tx_done                             text39       0073A
_EUSART_is_tx_ready                            text38       00740
_INTCONbits                                    (abs)        0000B
_INTERRUPT_InterruptManager                    intentry     00004
_LATA                                          (abs)        0010C
_LATB                                          (abs)        0010D
_LATBbits                                      (abs)        0010D
_LATC                                          (abs)        0010E
_LATE                                          (abs)        00110
_LIN_Master_Initialize                         text6        00694
_LIN_calcParity                                text52       001F6
_LIN_disableRx                                 text32       00713
_LIN_enablePeriodTx                            bssBANK0     0003D
_LIN_enableRx                                  text31       0070E
_LIN_getChecksum                               text29       00455
_LIN_getPacket                                 text20       005A0
_LIN_handler                                   text18       002F7
_LIN_init                                      text7        00647
_LIN_packet                                    bssBANK1     000C4
_LIN_period                                    bssBANK0     0003F
_LIN_periodCallBack                            bssBANK0     0003B
_LIN_processData                               bssBANK0     0002E
_LIN_queuePacket                               text48       0013C
_LIN_receivePacket                             text28       00421
_LIN_rxPacket                                  bssBANK1     000B8
_LIN_sendBreak                                 text26       00734
_LIN_sendPacket                                text25       003ED
_LIN_sendPeriodicTx                            text46       0027C
_LIN_setTimerHandler                           text10       006C7
_LIN_startPeriod                               text9        00720
_LIN_startTimer                                text23       006A2
_LIN_stopTimer                                 text8        0071C
_LIN_timeout                                   dataBANK0    00066
_LIN_timerCallBack                             bssBANK0     0003C
_LIN_timerHandler                              text43       0050C
_LIN_timerRunning                              bssBANK0     0003E
_LIN_txReady                                   bssBANK0     00041
_OPTION_REG                                    (abs)        00095
_OPTION_REGbits                                (abs)        00095
_OSCCON                                        (abs)        00099
_OSCILLATOR_Initialize                         text5        006AF
_OSCTUNE                                       (abs)        00098
_PIE1bits                                      (abs)        00091
_PIN_MANAGER_IOC                               text37       0073F
_PIN_MANAGER_Initialize                        text4        005FA
_PIR1bits                                      (abs)        00011
_PLLR                                          (abs)        004D6
_PORTAbits                                     (abs)        0000C
_RCREG                                         (abs)        00199
_RCSTA                                         (abs)        0019D
_RCSTAbits                                     (abs)        0019D
_SPBRGH                                        (abs)        0019C
_SPBRGL                                        (abs)        0019B
_SW_STATE_Data                                 bssBANK0     00042
_SYSTEM_Initialize                             text1        00671
_TMR0                                          (abs)        00015
_TMR0_DefaultInterruptHandler                  text44       00742
_TMR0_ISR                                      text42       00684
_TMR0_Initialize                               text3        0065D
_TMR0_InterruptHandler                         bssBANK0     00020
_TMR0_ReadTimer                                text36       00737
_TMR0_Reload                                   text35       00724
_TMR0_SetInterruptHandler                      text11       006E5
_TMR0_WriteTimer                               text24       00709
_TRISA                                         (abs)        0008C
_TRISB                                         (abs)        0008D
_TRISC                                         (abs)        0008E
_TRISE                                         (abs)        00090
_TXREG                                         (abs)        0019A
_TXSTA                                         (abs)        0019E
_TXSTAbits                                     (abs)        0019E
_WDTCON                                        (abs)        00097
_WDT_Initialize                                text2        00718
_WPUB                                          (abs)        0020D
_WPUE                                          (abs)        00210
__H__absolute__                                __absolute__ 00000
__Habs1                                        abs1         00000
__Hbank0                                       bank0        00000
__Hbank1                                       bank1        00000
__Hbank10                                      bank10       00000
__Hbank11                                      bank11       00000
__Hbank12                                      bank12       00000
__Hbank13                                      bank13       00000
__Hbank14                                      bank14       00000
__Hbank15                                      bank15       00000
__Hbank16                                      bank16       00000
__Hbank17                                      bank17       00000
__Hbank18                                      bank18       00000
__Hbank19                                      bank19       00000
__Hbank2                                       bank2        00000
__Hbank20                                      bank20       00000
__Hbank21                                      bank21       00000
__Hbank22                                      bank22       00000
__Hbank23                                      bank23       00000
__Hbank24                                      bank24       00000
__Hbank25                                      bank25       00000
__Hbank26                                      bank26       00000
__Hbank27                                      bank27       00000
__Hbank28                                      bank28       00000
__Hbank29                                      bank29       00000
__Hbank3                                       bank3        00000
__Hbank30                                      bank30       00000
__Hbank31                                      bank31       00000
__Hbank4                                       bank4        00000
__Hbank5                                       bank5        00000
__Hbank6                                       bank6        00000
__Hbank7                                       bank7        00000
__Hbank8                                       bank8        00000
__Hbank9                                       bank9        00000
__Hbigram                                      bigram       00000
__HbssBANK0                                    bssBANK0     00000
__HbssBANK1                                    bssBANK1     00000
__Hcinit                                       cinit        00052
__Hclrtext                                     clrtext      00000
__Hcode                                        code         00000
__Hcommon                                      common       00000
__Hconfig                                      config       08009
__HcstackBANK0                                 cstackBANK0  00000
__HcstackBANK1                                 cstackBANK1  00000
__HcstackCOMMON                                cstackCOMMON 00000
__HdataBANK0                                   dataBANK0    00000
__Heeprom_data                                 eeprom_data  00000
__Hend_init                                    end_init     0003A
__Hfunctab                                     functab      00000
__Hheap                                        heap         00000
__HidataBANK0                                  idataBANK0   00000
__Hinit                                        init         00038
__Hintentry                                    intentry     00038
__Hmaintext                                    maintext     00000
__Hpowerup                                     powerup      00000
__Hram                                         ram          00000
__Hreset_vec                                   reset_vec    00002
__Hsfr0                                        sfr0         00000
__Hsfr1                                        sfr1         00000
__Hsfr10                                       sfr10        00000
__Hsfr11                                       sfr11        00000
__Hsfr12                                       sfr12        00000
__Hsfr13                                       sfr13        00000
__Hsfr14                                       sfr14        00000
__Hsfr15                                       sfr15        00000
__Hsfr16                                       sfr16        00000
__Hsfr17                                       sfr17        00000
__Hsfr18                                       sfr18        00000
__Hsfr19                                       sfr19        00000
__Hsfr2                                        sfr2         00000
__Hsfr20                                       sfr20        00000
__Hsfr21                                       sfr21        00000
__Hsfr22                                       sfr22        00000
__Hsfr23                                       sfr23        00000
__Hsfr24                                       sfr24        00000
__Hsfr25                                       sfr25        00000
__Hsfr26                                       sfr26        00000
__Hsfr27                                       sfr27        00000
__Hsfr28                                       sfr28        00000
__Hsfr29                                       sfr29        00000
__Hsfr3                                        sfr3         00000
__Hsfr30                                       sfr30        00000
__Hsfr31                                       sfr31        00000
__Hsfr4                                        sfr4         00000
__Hsfr5                                        sfr5         00000
__Hsfr6                                        sfr6         00000
__Hsfr7                                        sfr7         00000
__Hsfr8                                        sfr8         00000
__Hsfr9                                        sfr9         00000
__Hsivt                                        sivt         00038
__Hspace_0                                     (abs)        00744
__Hspace_1                                     (abs)        000D1
__Hspace_2                                     (abs)        00000
__Hspace_3                                     (abs)        00000
__Hspace_4                                     (abs)        10010
__Hstack                                       stack        00000
__Hstrings                                     strings      00000
__Hstringtext1                                 stringtext1  00000
__Htext                                        text         00000
__L__absolute__                                __absolute__ 00000
__Labs1                                        abs1         00000
__Lbank0                                       bank0        00000
__Lbank1                                       bank1        00000
__Lbank10                                      bank10       00000
__Lbank11                                      bank11       00000
__Lbank12                                      bank12       00000
__Lbank13                                      bank13       00000
__Lbank14                                      bank14       00000
__Lbank15                                      bank15       00000
__Lbank16                                      bank16       00000
__Lbank17                                      bank17       00000
__Lbank18                                      bank18       00000
__Lbank19                                      bank19       00000
__Lbank2                                       bank2        00000
__Lbank20                                      bank20       00000
__Lbank21                                      bank21       00000
__Lbank22                                      bank22       00000
__Lbank23                                      bank23       00000
__Lbank24                                      bank24       00000
__Lbank25                                      bank25       00000
__Lbank26                                      bank26       00000
__Lbank27                                      bank27       00000
__Lbank28                                      bank28       00000
__Lbank29                                      bank29       00000
__Lbank3                                       bank3        00000
__Lbank30                                      bank30       00000
__Lbank31                                      bank31       00000
__Lbank4                                       bank4        00000
__Lbank5                                       bank5        00000
__Lbank6                                       bank6        00000
__Lbank7                                       bank7        00000
__Lbank8                                       bank8        00000
__Lbank9                                       bank9        00000
__Lbigram                                      bigram       00000
__LbssBANK0                                    bssBANK0     00000
__LbssBANK1                                    bssBANK1     00000
__Lcinit                                       cinit        0003A
__Lclrtext                                     clrtext      00000
__Lcode                                        code         00000
__Lcommon                                      common       00000
__Lconfig                                      config       00000
__LcstackBANK0                                 cstackBANK0  00000
__LcstackBANK1                                 cstackBANK1  00000
__LcstackCOMMON                                cstackCOMMON 00000
__LdataBANK0                                   dataBANK0    00000
__Leeprom_data                                 eeprom_data  00000
__Lend_init                                    end_init     00038
__Lfunctab                                     functab      00000
__Lheap                                        heap         00000
__LidataBANK0                                  idataBANK0   00000
__Linit                                        init         00038
__Lintentry                                    intentry     00004
__Lmaintext                                    maintext     00000
__Lpowerup                                     powerup      00000
__Lram                                         ram          00000
__Lreset_vec                                   reset_vec    00000
__Lsfr0                                        sfr0         00000
__Lsfr1                                        sfr1         00000
__Lsfr10                                       sfr10        00000
__Lsfr11                                       sfr11        00000
__Lsfr12                                       sfr12        00000
__Lsfr13                                       sfr13        00000
__Lsfr14                                       sfr14        00000
__Lsfr15                                       sfr15        00000
__Lsfr16                                       sfr16        00000
__Lsfr17                                       sfr17        00000
__Lsfr18                                       sfr18        00000
__Lsfr19                                       sfr19        00000
__Lsfr2                                        sfr2         00000
__Lsfr20                                       sfr20        00000
__Lsfr21                                       sfr21        00000
__Lsfr22                                       sfr22        00000
__Lsfr23                                       sfr23        00000
__Lsfr24                                       sfr24        00000
__Lsfr25                                       sfr25        00000
__Lsfr26                                       sfr26        00000
__Lsfr27                                       sfr27        00000
__Lsfr28                                       sfr28        00000
__Lsfr29                                       sfr29        00000
__Lsfr3                                        sfr3         00000
__Lsfr30                                       sfr30        00000
__Lsfr31                                       sfr31        00000
__Lsfr4                                        sfr4         00000
__Lsfr5                                        sfr5         00000
__Lsfr6                                        sfr6         00000
__Lsfr7                                        sfr7         00000
__Lsfr8                                        sfr8         00000
__Lsfr9                                        sfr9         00000
__Lsivt                                        sivt         00038
__Lspace_0                                     (abs)        00000
__Lspace_1                                     (abs)        00000
__Lspace_2                                     (abs)        00000
__Lspace_3                                     (abs)        00000
__Lspace_4                                     (abs)        00000
__Lstack                                       stack        00000
__Lstrings                                     strings      00000
__Lstringtext1                                 stringtext1  00000
__Ltext                                        text         00000
__S0                                           (abs)        00744
__S1                                           (abs)        000D1
__S3                                           (abs)        00000
___heap_hi                                     (abs)        00000
___heap_lo                                     (abs)        00000
___int_sp                                      stack        00000
___int_stack_hi                                stack        00000
___int_stack_lo                                stack        00000
___latbits                                     (abs)        00002
___sp                                          stack        00000
___stack_hi                                    stack        00000
___stack_lo                                    stack        00000
___stackhi                                     (abs)        00000
___stacklo                                     (abs)        00000
___wmul                                        text47       005C0
___wmul@multiplicand                           cstackCOMMON 00072
___wmul@multiplier                             cstackCOMMON 00070
___wmul@product                                cstackCOMMON 00074
__end_of_Clear_No_Call_Warning                 text34       0073F
__end_of_EUSART_DefaultErrorHandler            text57       00734
__end_of_EUSART_DefaultFramingErrorHandler     text56       00744
__end_of_EUSART_DefaultOverrunErrorHandler     text55       00730
__end_of_EUSART_Initialize                     text12       003B3
__end_of_EUSART_Read                           text30       0050C
__end_of_EUSART_Receive_ISR                    text54       003ED
__end_of_EUSART_RxDataHandler                  text58       00647
__end_of_EUSART_SetErrorHandler                text17       00709
__end_of_EUSART_SetFramingErrorHandler         text16       00703
__end_of_EUSART_SetOverrunErrorHandler         text15       006FD
__end_of_EUSART_SetRxInterruptHandler          text14       006F7
__end_of_EUSART_SetTxInterruptHandler          text13       006F1
__end_of_EUSART_Transmit_ISR                   text53       005A0
__end_of_EUSART_Write                          text27       004E5
__end_of_EUSART_get_last_status                text40       00742
__end_of_EUSART_is_rx_ready                    text33       006D9
__end_of_EUSART_is_tx_done                     text39       0073D
__end_of_EUSART_is_tx_ready                    text38       00741
__end_of_INTERRUPT_InterruptManager            intentry     00038
__end_of_LIN_Master_Initialize                 text6        006A2
__end_of_LIN_calcParity                        text52       0027C
__end_of_LIN_disableRx                         text32       00718
__end_of_LIN_enableRx                          text31       00713
__end_of_LIN_getChecksum                       text29       00489
__end_of_LIN_getPacket                         text20       005C0
__end_of_LIN_handler                           text18       00370
__end_of_LIN_init                              text7        0065D
__end_of_LIN_queuePacket                       text48       001F6
__end_of_LIN_receivePacket                     text28       00455
__end_of_LIN_sendBreak                         text26       00737
__end_of_LIN_sendPacket                        text25       00421
__end_of_LIN_sendPeriodicTx                    text46       002F7
__end_of_LIN_setTimerHandler                   text10       006D0
__end_of_LIN_startPeriod                       text9        00724
__end_of_LIN_startTimer                        text23       006AF
__end_of_LIN_stopTimer                         text8        00720
__end_of_LIN_timerHandler                      text43       00533
__end_of_OSCILLATOR_Initialize                 text5        006BB
__end_of_PIN_MANAGER_IOC                       text37       00740
__end_of_PIN_MANAGER_Initialize                text4        00614
__end_of_SYSTEM_Initialize                     text1        00684
__end_of_TMR0_DefaultInterruptHandler          text44       00743
__end_of_TMR0_ISR                              text42       00694
__end_of_TMR0_Initialize                       text3        00671
__end_of_TMR0_ReadTimer                        text36       0073A
__end_of_TMR0_Reload                           text35       00728
__end_of_TMR0_SetInterruptHandler              text11       006EB
__end_of_TMR0_WriteTimer                       text24       0070E
__end_of_WDT_Initialize                        text2        0071C
__end_of___wmul                                text47       005DF
__end_of__initialization                       cinit        0004E
__end_of_main                                  maintext     0013C
__end_of_memcpy                                text22       00559
__end_of_memset                                text21       005FA
__end_of_processLIN                            text19       006C7
__end_of_scheduleTable                         stringtext1  006DF
__end_ofi1_LIN_getChecksum                     text51       004BC
__end_ofi1_LIN_stopTimer                       text45       0072C
__end_ofi1_memcpy                              text50       0057E
__end_ofi1_memset                              text49       0062E
__initialization                               cinit        0003A
__pbssBANK0                                    bssBANK0     00020
__pbssBANK1                                    bssBANK1     000A0
__pcstackBANK0                                 cstackBANK0  0004A
__pcstackBANK1                                 cstackBANK1  000CF
__pcstackCOMMON                                cstackCOMMON 00070
__pdataBANK0                                   dataBANK0    00066
__pidataBANK0                                  idataBANK0   0073D
__pintentry                                    intentry     00004
__pmaintext                                    maintext     00052
__pstringtext1                                 stringtext1  006D9
__ptext1                                       text1        00671
__ptext10                                      text10       006C7
__ptext11                                      text11       006E5
__ptext12                                      text12       00370
__ptext13                                      text13       006EB
__ptext14                                      text14       006F1
__ptext15                                      text15       006F7
__ptext16                                      text16       006FD
__ptext17                                      text17       00703
__ptext18                                      text18       002F7
__ptext19                                      text19       006BB
__ptext2                                       text2        00718
__ptext20                                      text20       005A0
__ptext21                                      text21       005DF
__ptext22                                      text22       00533
__ptext23                                      text23       006A2
__ptext24                                      text24       00709
__ptext25                                      text25       003ED
__ptext26                                      text26       00734
__ptext27                                      text27       004BC
__ptext28                                      text28       00421
__ptext29                                      text29       00455
__ptext3                                       text3        0065D
__ptext30                                      text30       004E5
__ptext31                                      text31       0070E
__ptext32                                      text32       00713
__ptext33                                      text33       006D0
__ptext34                                      text34       0073E
__ptext35                                      text35       00724
__ptext36                                      text36       00737
__ptext37                                      text37       0073F
__ptext38                                      text38       00740
__ptext39                                      text39       0073A
__ptext4                                       text4        005FA
__ptext40                                      text40       00741
__ptext42                                      text42       00684
__ptext43                                      text43       0050C
__ptext44                                      text44       00742
__ptext45                                      text45       00728
__ptext46                                      text46       0027C
__ptext47                                      text47       005C0
__ptext48                                      text48       0013C
__ptext49                                      text49       00614
__ptext5                                       text5        006AF
__ptext50                                      text50       00559
__ptext51                                      text51       00489
__ptext52                                      text52       001F6
__ptext53                                      text53       0057E
__ptext54                                      text54       003B3
__ptext55                                      text55       0072C
__ptext56                                      text56       00743
__ptext57                                      text57       00730
__ptext58                                      text58       0062E
__ptext6                                       text6        00694
__ptext7                                       text7        00647
__ptext8                                       text8        0071C
__ptext9                                       text9        00720
_eusartRxBuffer                                bssBANK1     000A8
_eusartRxCount                                 bssBANK0     00032
_eusartRxHead                                  bssBANK0     00034
_eusartRxLastError                             bssBANK0     00031
_eusartRxStatusBuffer                          bssBANK1     000A0
_eusartRxTail                                  bssBANK0     00033
_eusartTxBuffer                                bssBANK1     000B0
_eusartTxBufferRemaining                       bssBANK0     00035
_eusartTxHead                                  bssBANK0     00037
_eusartTxTail                                  bssBANK0     00036
_main                                          maintext     00052
_memcpy                                        text22       00533
_memset                                        text21       005DF
_processLIN                                    text19       006BB
_schedule                                      bssBANK0     0002C
_scheduleLength                                bssBANK0     00040
_scheduleTable                                 stringtext1  006D9
_timer0ReloadVal                               bssBANK0     00030
btemp                                          (abs)        0007E
clear_ram0                                     clrtext      006DF
end_of_initialization                          cinit        0004E
i1LIN_getChecksum@checksum                     cstackCOMMON 00076
i1LIN_getChecksum@data                         cstackCOMMON 00071
i1LIN_getChecksum@i                            cstackCOMMON 00075
i1LIN_getChecksum@length                       cstackCOMMON 00074
i1LIN_getChecksum@pid                          cstackCOMMON 00070
i1_LIN_getChecksum                             text51       00489
i1_LIN_stopTimer                               text45       00728
i1_memcpy                                      text50       00559
i1_memset                                      text49       00614
i1memcpy@d                                     cstackCOMMON 00076
i1memcpy@d1                                    cstackCOMMON 00074
i1memcpy@n                                     cstackCOMMON 00071
i1memcpy@s                                     cstackCOMMON 00077
i1memcpy@s1                                    cstackCOMMON 00070
i1memcpy@tmp                                   cstackCOMMON 00075
i1memset@c                                     cstackCOMMON 00070
i1memset@dest                                  cstackCOMMON 00075
i1memset@n                                     cstackCOMMON 00072
i1memset@p                                     cstackCOMMON 00076
int$flags                                      (abs)        0007E
intlevel0                                      functab      00000
intlevel1                                      functab      00000
intlevel2                                      functab      00000
intlevel3                                      functab      00000
intlevel4                                      functab      00000
intlevel5                                      functab      00000
memcpy@d                                       cstackBANK0  00058
memcpy@d1                                      cstackBANK0  0005A
memcpy@n                                       cstackBANK0  00054
memcpy@s                                       cstackBANK0  00059
memcpy@s1                                      cstackBANK0  00053
memcpy@tmp                                     cstackBANK0  00057
memset@c                                       cstackBANK0  00053
memset@dest                                    cstackBANK0  00059
memset@n                                       cstackBANK0  00055
memset@p                                       cstackBANK0  00058
processLIN@cmd                                 cstackBANK0  00065
processLIN@tempRxData                          cstackBANK0  0005D
reset_vec                                      reset_vec    00000
start                                          init         00038
start_initialization                           cinit        0003A
wtemp0                                         (abs)        0007E


MODULE INFORMATION

Module		Function		Class		Link	Load	Size
mcc_generated_files/LINDrivers/lin_master.c
		_LIN_init      		CODE           	0647	0000	22
		_LIN_stopTimer 		CODE           	071C	0000	4
		_LIN_timerHandler		CODE           	050C	0000	39
		_LIN_sendBreak 		CODE           	0734	0000	3
		_LIN_getPacket 		CODE           	05A0	0000	32
		_LIN_sendPacket		CODE           	03ED	0000	52
		_LIN_disableRx 		CODE           	0713	0000	5
		_LIN_setTimerHandler		CODE           	06C7	0000	9
		_LIN_startTimer		CODE           	06A2	0000	13
		_LIN_queuePacket		CODE           	013C	0000	186
		_LIN_sendPeriodicTx		CODE           	027C	0000	123
		_LIN_receivePacket		CODE           	0421	0000	52
		_LIN_getChecksum		CODE           	0455	0000	52
		_LIN_handler   		CODE           	02F7	0000	121
		_LIN_startPeriod		CODE           	0720	0000	4
		_LIN_calcParity		CODE           	01F6	0000	134
		_LIN_enableRx  		CODE           	070E	0000	5

mcc_generated_files/LINDrivers/lin_master.c estimated size: 856

mcc_generated_files/interrupt_manager.c
		_INTERRUPT_InterruptManager		CODE           	0004	0000	52

mcc_generated_files/interrupt_manager.c estimated size: 52

mcc_generated_files/tmr0.c
		_TMR0_SetInterruptHandler		CODE           	06E5	0000	6
		_TMR0_Reload   		CODE           	0724	0000	4
		_TMR0_DefaultInterruptHandler		CODE           	0742	0000	1
		_TMR0_WriteTimer		CODE           	0709	0000	5
		_TMR0_ReadTimer		CODE           	0737	0000	3
		_TMR0_ISR      		CODE           	0684	0000	16
		_TMR0_Initialize		CODE           	065D	0000	20

mcc_generated_files/tmr0.c estimated size: 55

mcc_generated_files/pin_manager.c
		_PIN_MANAGER_Initialize		CODE           	05FA	0000	26
		_PIN_MANAGER_IOC		CODE           	073F	0000	1

mcc_generated_files/pin_manager.c estimated size: 27

C:\Program Files\Microchip\xc8\v2.46\pic\sources\c99\common\memset.c
		_memset        		CODE           	05DF	0000	27

C:\Program Files\Microchip\xc8\v2.46\pic\sources\c99\common\memset.c estimated size: 27

shared
		i1_LIN_stopTimer		CODE           	0728	0000	4
		_scheduleTable 		STRCODE        	06D9	0000	6
		__initialization		CODE           	003A	0000	20
		i1_LIN_getChecksum		CODE           	0489	0000	51
		i1_memset      		CODE           	0614	0000	26
		i1_memcpy      		CODE           	0559	0000	37

shared estimated size: 144

C:\Program Files\Microchip\xc8\v2.46\pic\sources\c99\common\Umul16.c
		___wmul        		CODE           	05C0	0000	31

C:\Program Files\Microchip\xc8\v2.46\pic\sources\c99\common\Umul16.c estimated size: 31

mcc_generated_files/mcc.c
		_WDT_Initialize		CODE           	0718	0000	4
		_OSCILLATOR_Initialize		CODE           	06AF	0000	12
		_SYSTEM_Initialize		CODE           	0671	0000	19

mcc_generated_files/mcc.c estimated size: 35

mcc_generated_files/LINDrivers/lin_app.c
		_processLIN    		CODE           	06BB	0000	12
		_LIN_Master_Initialize		CODE           	0694	0000	14

mcc_generated_files/LINDrivers/lin_app.c estimated size: 26

C:\Program Files\Microchip\xc8\v2.46\pic\sources\c99\common\memcpy.c
		_memcpy        		CODE           	0533	0000	38

C:\Program Files\Microchip\xc8\v2.46\pic\sources\c99\common\memcpy.c estimated size: 38

mcc_generated_files/eusart.c
		_EUSART_SetRxInterruptHandler		CODE           	06F1	0000	6
		_EUSART_SetTxInterruptHandler		CODE           	06EB	0000	6
		_EUSART_Read   		CODE           	04E5	0000	39
		_EUSART_DefaultOverrunErrorHandler		CODE           	072C	0000	4
		_EUSART_Write  		CODE           	04BC	0000	41
		_EUSART_DefaultErrorHandler		CODE           	0730	0000	4
		_EUSART_Transmit_ISR		CODE           	057E	0000	34
		_EUSART_is_tx_done		CODE           	073A	0000	3
		_EUSART_Initialize		CODE           	0370	0000	67
		_EUSART_SetFramingErrorHandler		CODE           	06FD	0000	6
		_EUSART_SetErrorHandler		CODE           	0703	0000	6
		_EUSART_SetOverrunErrorHandler		CODE           	06F7	0000	6
		_EUSART_Receive_ISR		CODE           	03B3	0000	58
		_EUSART_RxDataHandler		CODE           	062E	0000	25
		_EUSART_DefaultFramingErrorHandler		CODE           	0743	0000	1
		_EUSART_get_last_status		CODE           	0741	0000	1
		_EUSART_is_rx_ready		CODE           	06D0	0000	9
		_EUSART_is_tx_ready		CODE           	0740	0000	1

mcc_generated_files/eusart.c estimated size: 317

main.c
		_Clear_No_Call_Warning		CODE           	073E	0000	1
		_main          		CODE           	0052	0000	234

main.c estimated size: 235

